###############################################################################
#
# IAR ELF Linker V7.60.1.11101/W32 for ARM                28/Jul/2018  15:58:02
# Copyright 2007-2016 IAR Systems AB.
#
#    Output file  =  
#        C:\Users\benax\Desktop\STM32F446 Nucleo-64\SW base
#        ST\en.stm32cubef4\STM32Cube_FW_F4_V1.21.0\Projects\STM32446E-Nucleo\Examples\GPIO\GPIO_IOToggle\EWARM\STM32F4xx-Nucleo\Exe\Project.out
#    Map file     =  
#        C:\Users\benax\Desktop\STM32F446 Nucleo-64\SW base
#        ST\en.stm32cubef4\STM32Cube_FW_F4_V1.21.0\Projects\STM32446E-Nucleo\Examples\GPIO\GPIO_IOToggle\EWARM\STM32F4xx-Nucleo\List\Project.map
#    Command line =  
#        "C:\Users\benax\Desktop\STM32F446 Nucleo-64\SW base
#        ST\en.stm32cubef4\STM32Cube_FW_F4_V1.21.0\Projects\STM32446E-Nucleo\Examples\GPIO\GPIO_IOToggle\EWARM\STM32F4xx-Nucleo\Obj\main.o"
#        "C:\Users\benax\Desktop\STM32F446 Nucleo-64\SW base
#        ST\en.stm32cubef4\STM32Cube_FW_F4_V1.21.0\Projects\STM32446E-Nucleo\Examples\GPIO\GPIO_IOToggle\EWARM\STM32F4xx-Nucleo\Obj\startup_stm32f446xx.o"
#        "C:\Users\benax\Desktop\STM32F446 Nucleo-64\SW base
#        ST\en.stm32cubef4\STM32Cube_FW_F4_V1.21.0\Projects\STM32446E-Nucleo\Examples\GPIO\GPIO_IOToggle\EWARM\STM32F4xx-Nucleo\Obj\stm32f4xx_hal.o"
#        "C:\Users\benax\Desktop\STM32F446 Nucleo-64\SW base
#        ST\en.stm32cubef4\STM32Cube_FW_F4_V1.21.0\Projects\STM32446E-Nucleo\Examples\GPIO\GPIO_IOToggle\EWARM\STM32F4xx-Nucleo\Obj\stm32f4xx_hal_adc.o"
#        "C:\Users\benax\Desktop\STM32F446 Nucleo-64\SW base
#        ST\en.stm32cubef4\STM32Cube_FW_F4_V1.21.0\Projects\STM32446E-Nucleo\Examples\GPIO\GPIO_IOToggle\EWARM\STM32F4xx-Nucleo\Obj\stm32f4xx_hal_adc_ex.o"
#        "C:\Users\benax\Desktop\STM32F446 Nucleo-64\SW base
#        ST\en.stm32cubef4\STM32Cube_FW_F4_V1.21.0\Projects\STM32446E-Nucleo\Examples\GPIO\GPIO_IOToggle\EWARM\STM32F4xx-Nucleo\Obj\stm32f4xx_hal_cortex.o"
#        "C:\Users\benax\Desktop\STM32F446 Nucleo-64\SW base
#        ST\en.stm32cubef4\STM32Cube_FW_F4_V1.21.0\Projects\STM32446E-Nucleo\Examples\GPIO\GPIO_IOToggle\EWARM\STM32F4xx-Nucleo\Obj\stm32f4xx_hal_dma.o"
#        "C:\Users\benax\Desktop\STM32F446 Nucleo-64\SW base
#        ST\en.stm32cubef4\STM32Cube_FW_F4_V1.21.0\Projects\STM32446E-Nucleo\Examples\GPIO\GPIO_IOToggle\EWARM\STM32F4xx-Nucleo\Obj\stm32f4xx_hal_dma_ex.o"
#        "C:\Users\benax\Desktop\STM32F446 Nucleo-64\SW base
#        ST\en.stm32cubef4\STM32Cube_FW_F4_V1.21.0\Projects\STM32446E-Nucleo\Examples\GPIO\GPIO_IOToggle\EWARM\STM32F4xx-Nucleo\Obj\stm32f4xx_hal_flash.o"
#        "C:\Users\benax\Desktop\STM32F446 Nucleo-64\SW base
#        ST\en.stm32cubef4\STM32Cube_FW_F4_V1.21.0\Projects\STM32446E-Nucleo\Examples\GPIO\GPIO_IOToggle\EWARM\STM32F4xx-Nucleo\Obj\stm32f4xx_hal_flash_ex.o"
#        "C:\Users\benax\Desktop\STM32F446 Nucleo-64\SW base
#        ST\en.stm32cubef4\STM32Cube_FW_F4_V1.21.0\Projects\STM32446E-Nucleo\Examples\GPIO\GPIO_IOToggle\EWARM\STM32F4xx-Nucleo\Obj\stm32f4xx_hal_gpio.o"
#        "C:\Users\benax\Desktop\STM32F446 Nucleo-64\SW base
#        ST\en.stm32cubef4\STM32Cube_FW_F4_V1.21.0\Projects\STM32446E-Nucleo\Examples\GPIO\GPIO_IOToggle\EWARM\STM32F4xx-Nucleo\Obj\stm32f4xx_hal_pwr_ex.o"
#        "C:\Users\benax\Desktop\STM32F446 Nucleo-64\SW base
#        ST\en.stm32cubef4\STM32Cube_FW_F4_V1.21.0\Projects\STM32446E-Nucleo\Examples\GPIO\GPIO_IOToggle\EWARM\STM32F4xx-Nucleo\Obj\stm32f4xx_hal_rcc.o"
#        "C:\Users\benax\Desktop\STM32F446 Nucleo-64\SW base
#        ST\en.stm32cubef4\STM32Cube_FW_F4_V1.21.0\Projects\STM32446E-Nucleo\Examples\GPIO\GPIO_IOToggle\EWARM\STM32F4xx-Nucleo\Obj\stm32f4xx_hal_rcc_ex.o"
#        "C:\Users\benax\Desktop\STM32F446 Nucleo-64\SW base
#        ST\en.stm32cubef4\STM32Cube_FW_F4_V1.21.0\Projects\STM32446E-Nucleo\Examples\GPIO\GPIO_IOToggle\EWARM\STM32F4xx-Nucleo\Obj\stm32f4xx_hal_spi.o"
#        "C:\Users\benax\Desktop\STM32F446 Nucleo-64\SW base
#        ST\en.stm32cubef4\STM32Cube_FW_F4_V1.21.0\Projects\STM32446E-Nucleo\Examples\GPIO\GPIO_IOToggle\EWARM\STM32F4xx-Nucleo\Obj\stm32f4xx_it.o"
#        "C:\Users\benax\Desktop\STM32F446 Nucleo-64\SW base
#        ST\en.stm32cubef4\STM32Cube_FW_F4_V1.21.0\Projects\STM32446E-Nucleo\Examples\GPIO\GPIO_IOToggle\EWARM\STM32F4xx-Nucleo\Obj\stm32f4xx_nucleo.o"
#        "C:\Users\benax\Desktop\STM32F446 Nucleo-64\SW base
#        ST\en.stm32cubef4\STM32Cube_FW_F4_V1.21.0\Projects\STM32446E-Nucleo\Examples\GPIO\GPIO_IOToggle\EWARM\STM32F4xx-Nucleo\Obj\system_stm32f4xx.o"
#        --redirect _Printf=_PrintfSmall --redirect _Scanf=_ScanfSmall -o
#        "C:\Users\benax\Desktop\STM32F446 Nucleo-64\SW base
#        ST\en.stm32cubef4\STM32Cube_FW_F4_V1.21.0\Projects\STM32446E-Nucleo\Examples\GPIO\GPIO_IOToggle\EWARM\STM32F4xx-Nucleo\Exe\Project.out"
#        --map "C:\Users\benax\Desktop\STM32F446 Nucleo-64\SW base
#        ST\en.stm32cubef4\STM32Cube_FW_F4_V1.21.0\Projects\STM32446E-Nucleo\Examples\GPIO\GPIO_IOToggle\EWARM\STM32F4xx-Nucleo\List\Project.map"
#        --config "C:\Users\benax\Desktop\STM32F446 Nucleo-64\SW base
#        ST\en.stm32cubef4\STM32Cube_FW_F4_V1.21.0\Projects\STM32446E-Nucleo\Examples\GPIO\GPIO_IOToggle\EWARM\stm32f446xx_flash.icf"
#        --semihosting --entry __iar_program_start --vfe
#
###############################################################################

*******************************************************************************
*** RUNTIME MODEL ATTRIBUTES
***

CppFlavor       = *
__SystemLibrary = DLib


*******************************************************************************
*** PLACEMENT SUMMARY
***

"A1":  place at 0x08000000 { ro section .intvec };
"P1":  place in [from 0x08000000 to 0x0807ffff] { ro };
"P2":  place in [from 0x20000000 to 0x2001ffff] { rw, block CSTACK, block HEAP };
initialize by copy { rw };

  Section            Kind        Address   Size  Object
  -------            ----        -------   ----  ------
"A1":                                     0x1c4
  .intvec            ro code  0x08000000  0x1c4  startup_stm32f446xx.o [1]
                            - 0x080001c4  0x1c4

"P1":                                     0xcd1
  .text              ro code  0x080001c4  0x368  stm32f4xx_hal_rcc_ex.o [1]
  .text              ro code  0x0800052c   0xee  I64DivMod.o [5]
  .text              ro code  0x0800061c   0xac  stm32f4xx_hal.o [1]
  .text              ro code  0x080006c8    0x2  I64DivZer.o [5]
  .text              ro code  0x080006cc   0xac  stm32f4xx_hal_cortex.o [1]
  .text              ro code  0x08000778  0x1cc  stm32f4xx_hal_gpio.o [1]
  .text              ro code  0x08000944  0x118  stm32f4xx_hal_rcc.o [1]
  .text              ro code  0x08000a5c   0xf8  main.o [1]
  .text              ro code  0x08000b54   0x74  stm32f4xx_hal_pwr_ex.o [1]
  .text              ro code  0x08000bc8   0x60  system_stm32f4xx.o [1]
  .text              ro code  0x08000c28   0x38  packbits_init_single.o [5]
  .text              ro code  0x08000c60   0x28  data_init.o [5]
  .text              ro code  0x08000c88   0x22  fpinit_M.o [4]
  .iar.init_table    const    0x08000cac   0x10  - Linker created -
  .text              ro code  0x08000cbc   0x1a  cmain.o [5]
  .text              ro code  0x08000cd6    0x4  low_level_init.o [3]
  .text              ro code  0x08000cda    0x4  exit.o [3]
  .text              ro code  0x08000ce0    0xa  cexit.o [5]
  .text              ro code  0x08000cec   0x14  exit.o [6]
  .text              ro code  0x08000d00   0x14  stm32f4xx_it.o [1]
  .text              ro code  0x08000d14   0x10  startup_stm32f446xx.o [1]
  .text              ro code  0x08000d24    0xc  cstartup_M.o [5]
  .text              ro code  0x08000d30    0x4  startup_stm32f446xx.o [1]
  .text              ro code  0x08000d34    0x4  startup_stm32f446xx.o [1]
  .text              ro code  0x08000d38    0x4  startup_stm32f446xx.o [1]
  .text              ro code  0x08000d3c    0x4  startup_stm32f446xx.o [1]
  .text              ro code  0x08000d40    0x4  startup_stm32f446xx.o [1]
  .text              ro code  0x08000d44    0x4  startup_stm32f446xx.o [1]
  .text              ro code  0x08000d48    0x4  startup_stm32f446xx.o [1]
  .text              ro code  0x08000d4c    0x4  startup_stm32f446xx.o [1]
  .text              ro code  0x08000d50    0x4  startup_stm32f446xx.o [1]
  .text              ro code  0x08000d54    0x4  startup_stm32f446xx.o [1]
  .text              ro code  0x08000d58    0x4  startup_stm32f446xx.o [1]
  .text              ro code  0x08000d5c    0x4  startup_stm32f446xx.o [1]
  .text              ro code  0x08000d60    0x4  startup_stm32f446xx.o [1]
  .text              ro code  0x08000d64    0x4  startup_stm32f446xx.o [1]
  .text              ro code  0x08000d68    0x4  startup_stm32f446xx.o [1]
  .text              ro code  0x08000d6c    0x4  startup_stm32f446xx.o [1]
  .text              ro code  0x08000d70    0x4  startup_stm32f446xx.o [1]
  .text              ro code  0x08000d74    0x4  startup_stm32f446xx.o [1]
  .text              ro code  0x08000d78    0x4  startup_stm32f446xx.o [1]
  .text              ro code  0x08000d7c    0x4  startup_stm32f446xx.o [1]
  .text              ro code  0x08000d80    0x4  startup_stm32f446xx.o [1]
  .text              ro code  0x08000d84    0x4  startup_stm32f446xx.o [1]
  .text              ro code  0x08000d88    0x4  startup_stm32f446xx.o [1]
  .text              ro code  0x08000d8c    0x4  startup_stm32f446xx.o [1]
  .text              ro code  0x08000d90    0x4  startup_stm32f446xx.o [1]
  .text              ro code  0x08000d94    0x4  startup_stm32f446xx.o [1]
  .text              ro code  0x08000d98    0x4  startup_stm32f446xx.o [1]
  .text              ro code  0x08000d9c    0x4  startup_stm32f446xx.o [1]
  .text              ro code  0x08000da0    0x4  startup_stm32f446xx.o [1]
  .text              ro code  0x08000da4    0x4  startup_stm32f446xx.o [1]
  .text              ro code  0x08000da8    0x4  startup_stm32f446xx.o [1]
  .text              ro code  0x08000dac    0x4  startup_stm32f446xx.o [1]
  .text              ro code  0x08000db0    0x4  startup_stm32f446xx.o [1]
  .text              ro code  0x08000db4    0x4  startup_stm32f446xx.o [1]
  .text              ro code  0x08000db8    0x4  startup_stm32f446xx.o [1]
  .text              ro code  0x08000dbc    0x4  startup_stm32f446xx.o [1]
  .text              ro code  0x08000dc0    0x4  startup_stm32f446xx.o [1]
  .text              ro code  0x08000dc4    0x4  startup_stm32f446xx.o [1]
  .text              ro code  0x08000dc8    0x4  startup_stm32f446xx.o [1]
  .text              ro code  0x08000dcc    0x4  startup_stm32f446xx.o [1]
  .text              ro code  0x08000dd0    0x4  startup_stm32f446xx.o [1]
  .text              ro code  0x08000dd4    0x4  startup_stm32f446xx.o [1]
  .text              ro code  0x08000dd8    0x4  startup_stm32f446xx.o [1]
  .text              ro code  0x08000ddc    0x4  startup_stm32f446xx.o [1]
  .text              ro code  0x08000de0    0x4  startup_stm32f446xx.o [1]
  .text              ro code  0x08000de4    0x4  startup_stm32f446xx.o [1]
  .text              ro code  0x08000de8    0x4  startup_stm32f446xx.o [1]
  .text              ro code  0x08000dec    0x4  startup_stm32f446xx.o [1]
  .text              ro code  0x08000df0    0x4  startup_stm32f446xx.o [1]
  .text              ro code  0x08000df4    0x4  startup_stm32f446xx.o [1]
  .text              ro code  0x08000df8    0x4  startup_stm32f446xx.o [1]
  .text              ro code  0x08000dfc    0x4  startup_stm32f446xx.o [1]
  .text              ro code  0x08000e00    0x4  startup_stm32f446xx.o [1]
  .text              ro code  0x08000e04    0x4  startup_stm32f446xx.o [1]
  .text              ro code  0x08000e08    0x4  startup_stm32f446xx.o [1]
  .text              ro code  0x08000e0c    0x4  startup_stm32f446xx.o [1]
  .text              ro code  0x08000e10    0x4  startup_stm32f446xx.o [1]
  .text              ro code  0x08000e14    0x4  startup_stm32f446xx.o [1]
  .text              ro code  0x08000e18    0x4  startup_stm32f446xx.o [1]
  .text              ro code  0x08000e1c    0x4  startup_stm32f446xx.o [1]
  .text              ro code  0x08000e20    0x4  startup_stm32f446xx.o [1]
  .text              ro code  0x08000e24    0x4  startup_stm32f446xx.o [1]
  .text              ro code  0x08000e28    0x4  startup_stm32f446xx.o [1]
  .text              ro code  0x08000e2c    0x4  startup_stm32f446xx.o [1]
  .text              ro code  0x08000e30    0x4  startup_stm32f446xx.o [1]
  .text              ro code  0x08000e34    0x4  startup_stm32f446xx.o [1]
  .text              ro code  0x08000e38    0x4  startup_stm32f446xx.o [1]
  .text              ro code  0x08000e3c    0x4  startup_stm32f446xx.o [1]
  .text              ro code  0x08000e40    0x4  startup_stm32f446xx.o [1]
  .text              ro code  0x08000e44    0x4  startup_stm32f446xx.o [1]
  .text              ro code  0x08000e48    0x4  startup_stm32f446xx.o [1]
  .text              ro code  0x08000e4c    0x4  startup_stm32f446xx.o [1]
  .text              ro code  0x08000e50    0x4  startup_stm32f446xx.o [1]
  .text              ro code  0x08000e54    0x4  startup_stm32f446xx.o [1]
  .text              ro code  0x08000e58    0x4  startup_stm32f446xx.o [1]
  .text              ro code  0x08000e5c    0x4  startup_stm32f446xx.o [1]
  .text              ro code  0x08000e60    0x4  startup_stm32f446xx.o [1]
  .text              ro code  0x08000e64    0x4  startup_stm32f446xx.o [1]
  .text              ro code  0x08000e68    0x4  startup_stm32f446xx.o [1]
  .text              ro code  0x08000e6c    0x4  startup_stm32f446xx.o [1]
  .text              ro code  0x08000e70    0x4  startup_stm32f446xx.o [1]
  .text              ro code  0x08000e74    0x4  startup_stm32f446xx.o [1]
  .text              ro code  0x08000e78    0x4  startup_stm32f446xx.o [1]
  .text              ro code  0x08000e7c    0x4  startup_stm32f446xx.o [1]
  .text              ro code  0x08000e80    0x4  startup_stm32f446xx.o [1]
  .text              ro code  0x08000e84    0x4  startup_stm32f446xx.o [1]
  .rodata            const    0x08000e88    0x0  packbits_init_single.o [5]
  Initializer bytes  const    0x08000e88    0xd  <for P2-1>
                            - 0x08000e95  0xcd1

"P2", part 1 of 2:                         0x24
  P2-1                        0x20000000   0x24  <Init block>
    .data            inited   0x20000000    0xc  stm32f4xx_hal.o [1]
    .data            inited   0x2000000c    0x4  system_stm32f4xx.o [1]
    .bss             inited   0x20000010   0x14  main.o [1]
                            - 0x20000024   0x24

"P2", part 2 of 2:                        0x400
  CSTACK                      0x20000028  0x400  <Block>
    CSTACK           uninit   0x20000028  0x400  <Block tail>
                            - 0x20000428  0x400


*******************************************************************************
*** INIT TABLE
***

          Address     Size
          -------     ----
Copy/packbits (__iar_packbits_init_single3)
    1 source range, total size 0xd (36% of destination):
          0x08000e88   0xd
    1 destination range, total size 0x24:
          0x20000000  0x24



*******************************************************************************
*** MODULE SUMMARY
***

    Module                  ro code  ro data  rw data
    ------                  -------  -------  -------
C:\Users\benax\Desktop\STM32F446 Nucleo-64\SW base ST\en.stm32cubef4\STM32Cube_FW_F4_V1.21.0\Projects\STM32446E-Nucleo\Examples\GPIO\GPIO_IOToggle\EWARM\STM32F4xx-Nucleo\Obj: [1]
    main.o                      248        8       20
    startup_stm32f446xx.o       812
    stm32f4xx_hal.o             172        4       12
    stm32f4xx_hal_cortex.o      172
    stm32f4xx_hal_gpio.o        460
    stm32f4xx_hal_pwr_ex.o      116
    stm32f4xx_hal_rcc.o         280
    stm32f4xx_hal_rcc_ex.o      872
    stm32f4xx_it.o               20
    system_stm32f4xx.o           96        1        4
    -------------------------------------------------
    Total:                    3 248       13       36

command line: [2]
    -------------------------------------------------
    Total:

dl7M_tlf.a: [3]
    exit.o                        4
    low_level_init.o              4
    -------------------------------------------------
    Total:                        8

m7M_tls.a: [4]
    fpinit_M.o                   34
    -------------------------------------------------
    Total:                       34

rt7M_tl.a: [5]
    I64DivMod.o                 238
    I64DivZer.o                   2
    cexit.o                      10
    cmain.o                      26
    cstartup_M.o                 12
    data_init.o                  40
    packbits_init_single.o       56
    -------------------------------------------------
    Total:                      384

shb_l.a: [6]
    exit.o                       20
    -------------------------------------------------
    Total:                       20

    Gaps                          8        2
    Linker created                        16    1 024
-----------------------------------------------------
    Grand Total:              3 702       31    1 060


*******************************************************************************
*** ENTRY LIST
***

Entry                      Address   Size  Type      Object
-----                      -------   ----  ----      ------
.iar.init_table$$Base   0x08000cac          --   Gb  - Linker created -
.iar.init_table$$Limit  0x08000cbc          --   Gb  - Linker created -
?main                   0x08000cbd         Code  Gb  cmain.o [5]
AHBPrescTable           0x08000c18   0x10  Data  Gb  system_stm32f4xx.o [1]
BusFault_Handler        0x08000d07    0x2  Code  Gb  stm32f4xx_it.o [1]
CSTACK$$Base            0x20000028          --   Gb  - Linker created -
CSTACK$$Limit           0x20000428          --   Gb  - Linker created -
DebugMon_Handler        0x08000d0d    0x2  Code  Gb  stm32f4xx_it.o [1]
GPIO_InitStruct         0x20000010   0x14  Data  Lc  main.o [1]
HAL_Delay               0x08000699   0x22  Code  Wk  stm32f4xx_hal.o [1]
HAL_GPIO_Init           0x08000779  0x19a  Code  Gb  stm32f4xx_hal_gpio.o [1]
HAL_GPIO_TogglePin      0x08000913    0x8  Code  Gb  stm32f4xx_hal_gpio.o [1]
HAL_GetTick             0x08000693    0x6  Code  Wk  stm32f4xx_hal.o [1]
HAL_IncTick             0x08000687    0xc  Code  Wk  stm32f4xx_hal.o [1]
HAL_Init                0x0800061d   0x30  Code  Gb  stm32f4xx_hal.o [1]
HAL_InitTick            0x0800064f   0x38  Code  Wk  stm32f4xx_hal.o [1]
HAL_MspInit             0x0800064d    0x2  Code  Wk  stm32f4xx_hal.o [1]
HAL_NVIC_SetPriority    0x08000701   0x3a  Code  Gb  stm32f4xx_hal_cortex.o [1]
HAL_NVIC_SetPriorityGrouping
                        0x080006e7   0x1a  Code  Gb  stm32f4xx_hal_cortex.o [1]
HAL_PWREx_EnableOverDrive
                        0x08000b55   0x44  Code  Gb  stm32f4xx_hal_pwr_ex.o [1]
HAL_RCC_ClockConfig     0x08000945   0xfc  Code  Gb  stm32f4xx_hal_rcc.o [1]
HAL_RCC_GetSysClockFreq
                        0x080001c5   0x4a  Code  Gb  stm32f4xx_hal_rcc_ex.o [1]
HAL_RCC_OscConfig       0x0800023b  0x2ba  Code  Gb  stm32f4xx_hal_rcc_ex.o [1]
HAL_SYSTICK_Config      0x0800073b   0x28  Code  Gb  stm32f4xx_hal_cortex.o [1]
HardFault_Handler       0x08000d03    0x2  Code  Gb  stm32f4xx_it.o [1]
MemManage_Handler       0x08000d05    0x2  Code  Gb  stm32f4xx_it.o [1]
NMI_Handler             0x08000d01    0x2  Code  Gb  stm32f4xx_it.o [1]
NVIC_SetPriority        0x080006cd   0x1a  Code  Lc  stm32f4xx_hal_cortex.o [1]
PendSV_Handler          0x08000d0f    0x2  Code  Gb  stm32f4xx_it.o [1]
Region$$Table$$Base     0x08000cac          --   Gb  - Linker created -
Region$$Table$$Limit    0x08000cbc          --   Gb  - Linker created -
SVC_Handler             0x08000d0b    0x2  Code  Gb  stm32f4xx_it.o [1]
SysTick_Handler         0x08000d11    0x4  Code  Gb  stm32f4xx_it.o [1]
SystemClock_Config      0x08000aa9   0x96  Code  Gb  main.o [1]
SystemCoreClock         0x2000000c    0x4  Data  Gb  system_stm32f4xx.o [1]
SystemInit              0x08000bc9   0x3a  Code  Gb  system_stm32f4xx.o [1]
UsageFault_Handler      0x08000d09    0x2  Code  Gb  stm32f4xx_it.o [1]
__aeabi_ldiv0           0x080006c9         Code  Gb  I64DivZer.o [5]
__aeabi_uldivmod        0x0800052d         Code  Gb  I64DivMod.o [5]
__cmain                 0x08000cbd         Code  Gb  cmain.o [5]
__exit                  0x08000ced   0x14  Code  Gb  exit.o [6]
__iar_data_init3        0x08000c61   0x28  Code  Gb  data_init.o [5]
__iar_init_vfp          0x08000c89         Code  Gb  fpinit_M.o [4]
__iar_packbits_init_single3
                        0x08000c29   0x38  Code  Gb  packbits_init_single.o [5]
__iar_program_start     0x08000d25         Code  Gb  cstartup_M.o [5]
__low_level_init        0x08000cd7    0x4  Code  Gb  low_level_init.o [3]
__vector_table          0x08000000         Data  Gb  startup_stm32f446xx.o [1]
_call_main              0x08000cc9         Code  Gb  cmain.o [5]
_exit                   0x08000ce1         Code  Gb  cexit.o [5]
_main                   0x08000cd3         Code  Gb  cmain.o [5]
exit                    0x08000cdb    0x4  Code  Gb  exit.o [3]
main                    0x08000a5d   0x4c  Code  Gb  main.o [1]
uwTick                  0x20000004    0x4  Data  Gb  stm32f4xx_hal.o [1]
uwTickFreq              0x20000000    0x1  Data  Gb  stm32f4xx_hal.o [1]
uwTickPrio              0x20000008    0x4  Data  Gb  stm32f4xx_hal.o [1]


[1] = C:\Users\benax\Desktop\STM32F446 Nucleo-64\SW base ST\en.stm32cubef4\STM32Cube_FW_F4_V1.21.0\Projects\STM32446E-Nucleo\Examples\GPIO\GPIO_IOToggle\EWARM\STM32F4xx-Nucleo\Obj
[2] = command line
[3] = dl7M_tlf.a
[4] = m7M_tls.a
[5] = rt7M_tl.a
[6] = shb_l.a

  3 702 bytes of readonly  code memory
     31 bytes of readonly  data memory
  1 060 bytes of readwrite data memory

Errors: none
Warnings: none
